
R Under development (unstable) (2019-04-20 r76407) -- "Unsuffered Consequences"
Copyright (C) 2019 The R Foundation for Statistical Computing
Platform: x86_64-pc-linux-gnu (64-bit)

R is free software and comes with ABSOLUTELY NO WARRANTY.
You are welcome to redistribute it under certain conditions.
Type 'license()' or 'licence()' for distribution details.

R is a collaborative project with many contributors.
Type 'contributors()' for more information and
'citation()' on how to cite R or R packages in publications.

Type 'demo()' for some demos, 'help()' for on-line help, or
'help.start()' for an HTML browser interface to help.
Type 'q()' to quit R.

> library(testthat)
> library(breathteststan)
Loading required package: Rcpp
> options(warn = 2)
> # Only one test per file to avoid hanging 32-bit compile
> #test_check("breathteststan", filter = "stan_fit")
> Sys.unsetenv("R_TESTS") # https://github.com/r-lib/testthat/issues/603
> test_check("breathteststan")
══ testthat results  ═══════════════════════════════════════════════════════════
OK: 28 SKIPPED: 7 WARNINGS: 0 FAILED: 0
> 
> proc.time()
   user  system elapsed 
 12.533   0.216  12.911 
